// Jest Snapshot v1, https://goo.gl/fbAQLP

exports[`renders home correctly 1`] = `
"
<link href=\\"//fonts.googleapis.com/css2?family=Raleway\\" rel=\\"stylesheet\\">
<link rel=\\"stylesheet\\" href=\\"/css/bootstrap.css\\">
<link rel=\\"stylesheet\\" type=\\"text/css\\" href=\\"/css/layout.css\\">
<link rel=\\"stylesheet\\" type=\\"text/css\\" href=\\"/css/footer.css\\">
<script type=\\"text/javascript\\" src=\\"/js/jquery.min.js\\"></script>
<script type=\\"text/javascript\\" src=\\"/js/bootstrap.min.js\\"></script>
<script type=\\"text/javascript\\" src=\\"/js/bzzApp.js\\"></script>
<script src=\\"/socket.io/socket.io.js\\"></script>
<body>
    <div class=\\"header-rectangle\\">
    <div class=\\"header-elements\\">
        <div class=\\"headline\\">
            <a href=\\"/\\"><img id=\\"logo\\" src=\\"/images/logo.png\\" /></a>
            <h1 id=\\"headerTitle\\">Save the Bzz!</h1>
        </div>
        <div class=\\"logos\\">
            <div class=\\"login\\">
                
                <a href=\\"/users/login\\"><img id=\\"account\\" src=\\"/images/account.png\\" /></a>
                
            </div>
            <a href=\\"/wishlist\\"><img id=\\"wishList\\" src=\\"/images/wishList.png\\" /></a>
            <a href=\\"/cart\\"><img id=\\"cart\\" src=\\"/images/cart.png\\" /></a>
            <a href=\\"/chat\\" class=\\"chat-icon\\"><img id=\\"chat-icon-header\\" src=\\"/images/chat.png\\" /></a>
        </div>
    </div>
</div>
    <li><button id=\\"modal-button\\" type=\\"button\\" data-toggle=\\"modal\\"
        data-target=\\"#myModal\\">Added products</button>
<div id=\\"myModal\\" class=\\"modal fade\\" role=\\"dialog\\">
    <div class=\\"modal-dialog\\">
        <h4 class=\\"modal-title\\">Added products:</h4>
        <div class=\\"modal-body\\">
        </div>
        <div class=\\"modal-footer\\">
            <button type=\\"button\\" data-dismiss=\\"modal\\">Close</button>
        </div>
    </div>
</div></li>
    <div class=\\"flashes\\">
        
        
        
    </div>
    
    </div>
    <!DOCTYPE html>
<html>

<head>
    <meta charset=\\"utf-8\\">
    <title>Product detailed view</title>
    <link rel=\\"stylesheet\\" type=\\"text/css\\" href=\\"/css/header.css\\">
    <link rel=\\"stylesheet\\" type=\\"text/css\\" href=\\"/css/index.css\\">
    <link rel=\\"stylesheet\\" type=\\"text/css\\" href=\\"//fonts.googleapis.com/css?family=Rock+Salt\\" />
    <link href=\\"//fonts.googleapis.com/css2?family=Raleway\\" rel=\\"stylesheet\\">
    <link rel=\\"stylesheet\\" href=\\"https://www.w3schools.com/w3css/4/w3.css\\">
</head>
<body class=\\"main\\">
    <div class=\\"pageTitle\\">
        <h1>Welcome to Save The Bzz!</h1>
    </div>
    <div class=\\"button-container\\">
        <div class=\\"button-style\\">
            <a href=\\"products/productOverview\\"><button class=\\"w3-button\\">Our products</button></a>
        </div>
        <div class=\\"button-style\\">
            <a href=\\"subscribers/new\\"><button class=\\"w3-button\\">Subscribe to our newsletter!</button></a>
        </div>
        <div class=\\"button-style\\">
            <a href=\\"admin\\"><button class=\\"admin-button\\">Admin section</button></a>
        </div>
    </div>
</body>
</html>
    <link rel=\\"stylesheet\\" type=\\"text/css\\" href=\\"/css/footer.css\\">
<div class=\\"footer-bottom\\">
    <div class=\\"footer-container\\">
        <div>
            <p><a class=\\"footer-link\\" href=\\"/users/new\\">Sign Up</a></p>
            <p><a class=\\"footer-link\\" href=\\"/\\">Contact</a></p>
            <p><a class=\\"footer-link\\" href=\\"/\\">Policy Terms</a></p>
        </div>
        <div>
            <p>Authors: MayyaBareeva & Sophie Preu√üer</p>
            <p><a class=\\"footer-link\\" href=\\"mailto:hege@example.com\\">savethebzz@example.com</a></p>
        </div>
        <div>
            <p><a class=\\"footer-link\\" href=\\"subscribers/new\\">Newsletter</a></p>
            <p><a class=\\"footer-link\\" href=\\"/cart\\">Your cart</a></p>
            <p><a class=\\"footer-link\\" href=\\"/wishlist\\">Your wishlist</a></p>
        </div>
    </div>
</div>
</body>"
`;
